---------------------------
Report of switching array type
 * [location: (jitprof-test/switcharraytype.js:2:1:2:5)] <- No. usages: 1
...
Number of switching array type spotted: 1
[****]SwitchArrayType: 1
